============================= test session starts =============================
platform win32 -- Python 3.13.7, pytest-8.4.1, pluggy-1.6.0
rootdir: D:\Github\FinSage
plugins: anyio-4.10.0, langsmith-0.3.45, xdist-3.8.0
collected 13 items / 4 errors

=================================== ERRORS ====================================
___________ ERROR collecting tests/test_financial_planner_agent.py ____________
ImportError while importing test module 'D:\Github\FinSage\tests\test_financial_planner_agent.py'.
Hint: make sure your test modules/packages have valid Python names.
Traceback:
C:\Users\sadja\AppData\Local\Programs\Python\Python313\Lib\importlib\__init__.py:88: in import_module
    return _bootstrap._gcd_import(name[level:], package, level)
           ^^^^^^^^^^^^^^^^^^^^^^^^^^^^^^^^^^^^^^^^^^^^^^^^^^^^
tests\test_financial_planner_agent.py:13: in <module>
    from agents.financial_planner_agent import FinancialPlannerAgent
agents\financial_planner_agent.py:24: in <module>
    from agents.market_data_agent import MarketDataAgent
agents\market_data_agent.py:24: in <module>
    from utils.api_clients import FinancialDataClient
utils\api_clients.py:15: in <module>
    import yfinance as yf
E   ModuleNotFoundError: No module named 'yfinance'
______________ ERROR collecting tests/test_market_data_agent.py _______________
ImportError while importing test module 'D:\Github\FinSage\tests\test_market_data_agent.py'.
Hint: make sure your test modules/packages have valid Python names.
Traceback:
C:\Users\sadja\AppData\Local\Programs\Python\Python313\Lib\importlib\__init__.py:88: in import_module
    return _bootstrap._gcd_import(name[level:], package, level)
           ^^^^^^^^^^^^^^^^^^^^^^^^^^^^^^^^^^^^^^^^^^^^^^^^^^^^
tests\test_market_data_agent.py:13: in <module>
    from agents.market_data_agent import MarketDataAgent
agents\market_data_agent.py:24: in <module>
    from utils.api_clients import FinancialDataClient
utils\api_clients.py:15: in <module>
    import yfinance as yf
E   ModuleNotFoundError: No module named 'yfinance'
_____________ ERROR collecting tests/test_news_sentiment_agent.py _____________
ImportError while importing test module 'D:\Github\FinSage\tests\test_news_sentiment_agent.py'.
Hint: make sure your test modules/packages have valid Python names.
Traceback:
C:\Users\sadja\AppData\Local\Programs\Python\Python313\Lib\importlib\__init__.py:88: in import_module
    return _bootstrap._gcd_import(name[level:], package, level)
           ^^^^^^^^^^^^^^^^^^^^^^^^^^^^^^^^^^^^^^^^^^^^^^^^^^^^
tests\test_news_sentiment_agent.py:13: in <module>
    from agents.news_sentiment_agent import NewsSentimentAgent
agents\news_sentiment_agent.py:21: in <module>
    from transformers import AutoModelForSequenceClassification, AutoTokenizer
E   ModuleNotFoundError: No module named 'transformers'
___________ ERROR collecting tests/test_portfolio_analyzer_agent.py ___________
ImportError while importing test module 'D:\Github\FinSage\tests\test_portfolio_analyzer_agent.py'.
Hint: make sure your test modules/packages have valid Python names.
Traceback:
C:\Users\sadja\AppData\Local\Programs\Python\Python313\Lib\importlib\__init__.py:88: in import_module
    return _bootstrap._gcd_import(name[level:], package, level)
           ^^^^^^^^^^^^^^^^^^^^^^^^^^^^^^^^^^^^^^^^^^^^^^^^^^^^
tests\test_portfolio_analyzer_agent.py:13: in <module>
    from agents.portfolio_analyzer_agent import PortfolioAnalyzerAgent
agents\portfolio_analyzer_agent.py:26: in <module>
    from agents.market_data_agent import MarketDataAgent
agents\market_data_agent.py:24: in <module>
    from utils.api_clients import FinancialDataClient
utils\api_clients.py:15: in <module>
    import yfinance as yf
E   ModuleNotFoundError: No module named 'yfinance'
============================== warnings summary ===============================
contexts\user_profile_context.py:69
  D:\Github\FinSage\contexts\user_profile_context.py:69: PydanticDeprecatedSince20: Pydantic V1 style `@validator` validators are deprecated. You should migrate to Pydantic V2 style `@field_validator` validators, see the migration guide for more details. Deprecated in Pydantic V2.0 to be removed in V3.0. See Pydantic V2 Migration Guide at https://errors.pydantic.dev/2.12/migration/
    @validator('financial_goals', pre=True)

contexts\portfolio_context.py:111
  D:\Github\FinSage\contexts\portfolio_context.py:111: PydanticDeprecatedSince20: Pydantic V1 style `@validator` validators are deprecated. You should migrate to Pydantic V2 style `@field_validator` validators, see the migration guide for more details. Deprecated in Pydantic V2.0 to be removed in V3.0. See Pydantic V2 Migration Guide at https://errors.pydantic.dev/2.12/migration/
    @validator('total_value')

tests\test_financial_planner_agent.py:13
  D:\Github\FinSage\tests\test_financial_planner_agent.py:13: LangChainDeprecationWarning: As of langchain-core 0.3.0, LangChain uses pydantic v2 internally. The langchain_core.pydantic_v1 module was a compatibility shim for pydantic v1, and should no longer be used. Please update the code to import from Pydantic directly.
  
  For example, replace imports like: `from langchain_core.pydantic_v1 import BaseModel`
  with: `from pydantic import BaseModel`
  or the v1 compatibility namespace if you are working in a code base that has not been fully upgraded to pydantic 2 yet. 	from pydantic.v1 import BaseModel
  
    from agents.financial_planner_agent import FinancialPlannerAgent

-- Docs: https://docs.pytest.org/en/stable/how-to/capture-warnings.html
=========================== short test summary info ===========================
ERROR tests/test_financial_planner_agent.py
ERROR tests/test_market_data_agent.py
ERROR tests/test_news_sentiment_agent.py
ERROR tests/test_portfolio_analyzer_agent.py
!!!!!!!!!!!!!!!!!!! Interrupted: 4 errors during collection !!!!!!!!!!!!!!!!!!!
======================== 3 warnings, 4 errors in 2.37s ========================
